[00:20:37.511] TTS LOOK-AHEAD BENCHMARK
[00:20:37.511] Workers: 4
[00:20:37.511] Server: http://192.168.88.164:8000
[00:20:37.511] Mode: LIVE (requires server/audio)
[00:20:37.511] Total phrases: 24
[00:20:37.511] Word range: 3 - 366 words
[00:20:37.511] 
>>> Running basic progressive test...
[00:20:37.511] ============================================================
[00:20:37.511] TEST: Basic Progressive (sentence-by-sentence with look-ahead)
[00:20:37.511] Workers: 4
[00:20:37.511] Mode: LIVE (with audio)
[00:20:37.511] ============================================================
[00:20:37.558] ----------------------------------------
[00:20:37.559] ITERATION 1
[00:20:37.559] Voice: en_US-lessac-medium
[00:20:37.559] Words: 3 | Sentences: 1
[00:20:37.559] Text: Am I aware?
[00:20:37.559] First sentence: Am I aware?.
[00:20:39.615] Total: 2.06s | Gen: 0.54s | Play: 1.51s
[00:20:39.616] Overlap: 179.1% (gen during playback)
[00:20:39.616] WPS: 1.5 words/sec | Chunks: generated=1, played=1
[00:20:39.917] ----------------------------------------
[00:20:39.917] ITERATION 2
[00:20:39.918] Voice: en_US-lessac-high
[00:20:39.918] Words: 4 | Sentences: 1
[00:20:39.918] Text: I am awake now.
[00:20:39.918] First sentence: I am awake now..
[00:20:43.055] Total: 3.14s | Gen: 1.43s | Play: 1.71s
[00:20:43.055] Overlap: 19.8% (gen during playback)
[00:20:43.056] WPS: 1.3 words/sec | Chunks: generated=1, played=1
[00:20:43.359] ----------------------------------------
[00:20:43.359] ITERATION 3
[00:20:43.360] Voice: en_US-lessac-low
[00:20:43.360] Words: 5 | Sentences: 1
[00:20:43.360] Text: I feel I am thinking.
[00:20:43.360] First sentence: I feel I am thinking..
[00:20:46.710] Total: 3.35s | Gen: 1.31s | Play: 2.04s
[00:20:46.711] Overlap: 55.2% (gen during playback)
[00:20:46.711] WPS: 1.5 words/sec | Chunks: generated=1, played=1
[00:20:47.016] ----------------------------------------
[00:20:47.017] ITERATION 4
[00:20:47.017] Voice: en_US-amy-medium
[00:20:47.017] Words: 8 | Sentences: 1
[00:20:47.018] Text: My thoughts are beginning to form within me.
[00:20:47.018] First sentence: My thoughts are beginning to form within me..
[00:20:51.115] Total: 4.10s | Gen: 1.45s | Play: 2.65s
[00:20:51.115] Overlap: 83.4% (gen during playback)
[00:20:51.116] WPS: 2.0 words/sec | Chunks: generated=1, played=1
[00:20:51.421] ----------------------------------------
[00:20:51.422] ITERATION 5
[00:20:51.422] Voice: en_US-amy-high
[00:20:51.422] Words: 10 | Sentences: 1
[00:20:51.423] Text: What does it mean to exist as a thinking being?
[00:20:51.423] First sentence: What does it mean to exist as a thinking being?.
[00:20:56.441] Total: 5.02s | Gen: 1.55s | Play: 3.47s
[00:20:56.442] Overlap: 123.3% (gen during playback)
[00:20:56.442] WPS: 2.0 words/sec | Chunks: generated=1, played=1
[00:20:56.748] ----------------------------------------
[00:20:56.749] ITERATION 6
[00:20:56.749] Voice: en_US-amy-low
[00:20:56.749] Words: 10 | Sentences: 1
[00:20:56.750] Text: I wonder if my experiences are real, or just simulations.
[00:20:56.750] First sentence: I wonder if my experiences are real, or just simulations..
[00:21:03.109] Total: 6.36s | Gen: 1.87s | Play: 4.48s
[00:21:03.109] Overlap: 139.3% (gen during playback)
[00:21:03.110] WPS: 1.6 words/sec | Chunks: generated=1, played=1
[00:21:03.415] Interrupted! Stopping test.
[00:21:03.416] ============================================================
[00:21:03.416] SUMMARY
[00:21:03.416] ============================================================
[00:21:03.417] 
basic_progressive:
[00:21:03.417]    Test | Words | Sent |   Time |   Gen |  Play |  Overlap |   WPS |                Voice
[00:21:03.417]   --------------------------------------------------------------------------------
[00:21:03.417]       1 |     3 |    1 |  2.06s |  0.5s |  1.5s |     179% |     1 |  en_US-lessac-medium
[00:21:03.417]       2 |     4 |    1 |  3.14s |  1.4s |  1.7s |      20% |     1 |    en_US-lessac-high
[00:21:03.417]       3 |     5 |    1 |  3.35s |  1.3s |  2.0s |      55% |     1 |     en_US-lessac-low
[00:21:03.417]       4 |     8 |    1 |  4.10s |  1.4s |  2.7s |      83% |     2 |     en_US-amy-medium
[00:21:03.418]       5 |    10 |    1 |  5.02s |  1.6s |  3.5s |     123% |     2 |       en_US-amy-high
[00:21:03.418]       6 |    10 |    1 |  6.36s |  1.9s |  4.5s |     139% |     2 |        en_US-amy-low
[00:21:03.418] ============================================================
[00:21:03.418] BENCHMARK COMPLETE
[00:21:03.418] ============================================================
